

* unused imports for simple2
data.buffer
  - delete import


